olomia@solomia-VirtualBox ~> cd gl-base-camp-2020
solomia@solomia-VirtualBox ~/gl-base-camp-2020 (main)> git checkout -b homework_1
Switched to a new branch 'homework_1'
solomia@solomia-VirtualBox ~/gl-base-camp-2020 (homework_1)> git log
commit d8555b448daa65878c2a669d10e433503c739cfc (HEAD -> homework_1, origin/main, origin/HEAD, main)
Author: sergii-butenko-gl <69191372+sergii-butenko-gl@users.noreply.github.com>
Date:   Tue Oct 20 18:52:33 2020 +0300

    Initial commit



solomia@solomia-VirtualBox ~/gl-base-camp-2020 (homework_1)> touch file
solomia@solomia-VirtualBox ~/gl-base-camp-2020 (homework_1)> git status
On branch homework_1
Untracked files:
  (use "git add <file>..." to include in what will be committed)
	file

nothing added to commit but untracked files present (use "git add" to track)
solomia@solomia-VirtualBox ~/gl-base-camp-2020 (homework_1)> git add file
solomia@solomia-VirtualBox ~/gl-base-camp-2020 (homework_1)> git status
On branch homework_1
Changes to be committed:
  (use "git restore --staged <file>..." to unstage)
	new file:   file

solomia@solomia-VirtualBox ~/gl-base-camp-2020 (homework_1)> git commit -m "added new file"
[homework_1 af74e9e] added new file
 1 file changed, 0 insertions(+), 0 deletions(-)
 create mode 100644 file
solomia@solomia-VirtualBox ~/gl-base-camp-2020 (homework_1)> git status
On branch homework_1
nothing to commit, working tree clean
solomia@solomia-VirtualBox ~/gl-base-camp-2020 (homework_1)> git rm --cached file
rm 'file'
solomia@solomia-VirtualBox ~/gl-base-camp-2020 (homework_1)> git status
On branch homework_1
Changes to be committed:
  (use "git restore --staged <file>..." to unstage)
	deleted:    file

Untracked files:
  (use "git add <file>..." to include in what will be committed)
	file

solomia@solomia-VirtualBox ~/gl-base-camp-2020 (homework_1)> git reset HEAD file
solomia@solomia-VirtualBox ~/gl-base-camp-2020 (homework_1)> git status
On branch homework_1
nothing to commit, working tree clean
solomia@solomia-VirtualBox ~/gl-base-camp-2020 (homework_1)> touch file_for_leaving_on_system
solomia@solomia-VirtualBox ~/gl-base-camp-2020 (homework_1)> git add file_for_leaving_on_system 
solomia@solomia-VirtualBox ~/gl-base-camp-2020 (homework_1)> git commit -m "added file_for_leaving_on_system"
[homework_1 f4c7e54] added file_for_leaving_on_system
 1 file changed, 0 insertions(+), 0 deletions(-)
 create mode 100644 file_for_leaving_on_system
solomia@solomia-VirtualBox ~/gl-base-camp-2020 (homework_1)> git rm --cached file_for_leaving_on_system 
rm 'file_for_leaving_on_system'
solomia@solomia-VirtualBox ~/gl-base-camp-2020 (homework_1)> git commit -m "removed file_for_leaving_on_system"
[homework_1 418b1f2] removed file_for_leaving_on_system
 1 file changed, 0 insertions(+), 0 deletions(-)
 delete mode 100644 file_for_leaving_on_system
solomia@solomia-VirtualBox ~/gl-base-camp-2020 (homework_1)> git status
On branch homework_1
Untracked files:
  (use "git add <file>..." to include in what will be committed)
	file_for_leaving_on_system

nothing added to commit but untracked files present (use "git add" to track)
